version https://git-lfs.github.com/spec/v1
oid sha256:a1f1242b64e80fcc4e2608971545368a07ff446283415765fc1537d28ad2fb56
size 12249
