version https://git-lfs.github.com/spec/v1
oid sha256:cb80c986d79d831efc0564afc9a0364d3b327a650c534a5d2144401b52caa033
size 91012
