version https://git-lfs.github.com/spec/v1
oid sha256:67e8c983abea50389236deb628233b4cbb0e7680ee99ec488b5105d573afe323
size 17741
