version https://git-lfs.github.com/spec/v1
oid sha256:73ecf61c5ae3d7deeeb6da95d60cd019f542b66e9e8ed7d9a796df73fbd09f93
size 39317
