version https://git-lfs.github.com/spec/v1
oid sha256:8f0922f1db88f64286f68553eebb1aab4c704f4e4b5466036a52bf16ebcdb6aa
size 21709
