version https://git-lfs.github.com/spec/v1
oid sha256:5138b9add4361b1372175c69e4bdda093efb698ca1ef25a42f71a80d75ac16e2
size 735
