version https://git-lfs.github.com/spec/v1
oid sha256:23f0616b6f4fa6280c427e14e80bc7e94924e7ddd7376e85c18d4a6de3384272
size 20865
