version https://git-lfs.github.com/spec/v1
oid sha256:525de6caf505cf3b4210e22c88bdb49ce920ef5d7c4242e5dae1e09d093d4ae8
size 3989
