version https://git-lfs.github.com/spec/v1
oid sha256:be3f6b17949448a68e3f5977c96eb290b6bfdbe8499427ce239f4876d548643a
size 3776
