version https://git-lfs.github.com/spec/v1
oid sha256:427cf4f55c8857896b410c29f4726a75465e469d60b651c9a8e2f91d640043a6
size 1617
