version https://git-lfs.github.com/spec/v1
oid sha256:5898112a1ca695822f6fcece12d77d5fd33bdf3e552d20189e30cf2a6b4f63f4
size 632
