version https://git-lfs.github.com/spec/v1
oid sha256:a805d08721eb0df52be33054ff62b43b33805a7890ec94fbbbb25737f918b8f6
size 22281
