version https://git-lfs.github.com/spec/v1
oid sha256:d53eb8624a73379343d09deb48ba2d71ff3c1ed2f47caece344c62683c1e8539
size 415
