version https://git-lfs.github.com/spec/v1
oid sha256:e7b5180ac863ee1abe17d0398a088ffeb03395aa5d0182153673c405cbf79891
size 187
