version https://git-lfs.github.com/spec/v1
oid sha256:8849b7da4e5c33c4af81515290465cf99da413f902e083a68314f67c921fd03c
size 15940
