version https://git-lfs.github.com/spec/v1
oid sha256:f4805aef32fe33c5fcd0fcdb6cd24c9785968298bdc2b9d0dc2c5f7407e122ed
size 5319
