version https://git-lfs.github.com/spec/v1
oid sha256:6c9fee59e68646cae894d4d8e1b82a93cd2875e6b4547f45cf93cb7ea28b0b24
size 2478
