version https://git-lfs.github.com/spec/v1
oid sha256:68e469f2658f9f3f08b38767dc6c94ce1daa993ccd18f2725abe09e2d6330b4c
size 29138
