version https://git-lfs.github.com/spec/v1
oid sha256:99a3cb051309c60837ab68d777ddb95eeb0b483b53a1006618d41fa4cfba1478
size 12741
