version https://git-lfs.github.com/spec/v1
oid sha256:cb3193ca5aa7a030d7703f756310a040ae39c079c9beb1d0cd700bea192ad3a8
size 5478
