version https://git-lfs.github.com/spec/v1
oid sha256:676ac8144c4c11642c7820b2a8cbeb1b3dd4ec54e74a9713b3292106f0d1d134
size 11583
