version https://git-lfs.github.com/spec/v1
oid sha256:660a264fcea38ddcf41547235b100fe1d7152030be4c22d27b854b8e4cb267e9
size 2900
