version https://git-lfs.github.com/spec/v1
oid sha256:fc51e63a908e44ad5fe9bdc92090f9f9ff0c00e33d8d0d2ed37988483f819d10
size 30964
