version https://git-lfs.github.com/spec/v1
oid sha256:c01541ad756cceefb1b9bb3b7ea72d818cee014b41c4fe44373d26f640449052
size 17626
