version https://git-lfs.github.com/spec/v1
oid sha256:937b26ec1275f5527f8ed8cb317dd5a1cb5d37109904c3a67164cf7aa19327cd
size 417
