version https://git-lfs.github.com/spec/v1
oid sha256:43a502c827dfbe451830c13daedc1b3c112691c9dc7d9b93b015d7b58f558d7f
size 25198
