version https://git-lfs.github.com/spec/v1
oid sha256:ddf68ed6cb6cee95f910ab1a87a13e710d06ed59295e4b3054601799b93888dc
size 22525
