version https://git-lfs.github.com/spec/v1
oid sha256:cefe714d3624e1d414da67d2577c7b2bbccc59e5bbe5ac14b100377e4464b140
size 4334
