version https://git-lfs.github.com/spec/v1
oid sha256:90ac4ba94d27d40cfb3f49eca8ccd8b40bb7c3d7ed630f02def1fa29a3257528
size 43961
