version https://git-lfs.github.com/spec/v1
oid sha256:0cf207a0eebfbb940dd0fcfc723916f1ebc06a0f5cf6a4ccbadc782fa25c57e9
size 3025
