version https://git-lfs.github.com/spec/v1
oid sha256:8dcd854927386ddf08978310a8832de1f1c70450e3d31a09d671dbe73d548e3f
size 92
