version https://git-lfs.github.com/spec/v1
oid sha256:57c3348f919d698d75fe3f6960f7bfec0f9e5e3f6ce0cdcca6b1455b61d4d00e
size 3774
