version https://git-lfs.github.com/spec/v1
oid sha256:7711b9f71b9fa7b6700956996cdfca3192ffaebd7a42005693a2e059e4139849
size 13188
