version https://git-lfs.github.com/spec/v1
oid sha256:a2c2fe6ae62b93f6737527074dfbaa2f5d038289b1f12fb02fc230572e0f7f20
size 1116
