version https://git-lfs.github.com/spec/v1
oid sha256:f1c0fa1c14f601e621c1f71ed0873758f4adb6a203ea86891a407e3c9a070dfe
size 2082
