version https://git-lfs.github.com/spec/v1
oid sha256:dee8f59887a6eb19a63cbb3dca4f7b1bd66ff5d70335156f87d0ee976ce4187a
size 70356
