version https://git-lfs.github.com/spec/v1
oid sha256:39fe2fa6b07759872c75bb3e35d032e8cf7515d9b6812bc2f119156c6f7c3495
size 2748
