version https://git-lfs.github.com/spec/v1
oid sha256:05e4d421b49c51039f4e10c0247e1c0c66100f8e7ea774e472a5d77cc66d6d89
size 38543
