version https://git-lfs.github.com/spec/v1
oid sha256:6c7a3d6898f48c8c39e5ab81bf8b7318f086be8bbb94d62b32425b2cec1a1d1b
size 1738
