version https://git-lfs.github.com/spec/v1
oid sha256:3f0d3aa3a586c0865942f97a237e87cbdaf249041371e1758bd8662e725bcaa7
size 3317
