version https://git-lfs.github.com/spec/v1
oid sha256:7f0c8e62dab2ea75232b612ad6fff7c98f1c53aa90fc823e0837c558e670ee3a
size 4295
