version https://git-lfs.github.com/spec/v1
oid sha256:f92961012de04cdcdc915adea78add4f3b0dba78a3bab73f6ba9b7ba372f0686
size 2942
