version https://git-lfs.github.com/spec/v1
oid sha256:b6aaa94710138dbef846e005d6fabd2bfe931c474e5c816eb92d97488d690b58
size 6412
