version https://git-lfs.github.com/spec/v1
oid sha256:d568fab01e4d6a4fdff5ec49bd8ec8c5650ba4573914f1ff88bb150ce224ed3c
size 7605
