version https://git-lfs.github.com/spec/v1
oid sha256:15e2ddab1e4427c9aa5da8b6db3ef2a5d7d5a79ba068bcfd75adbbbaafcbd4cd
size 12610
