version https://git-lfs.github.com/spec/v1
oid sha256:1093c4e5a5c665eb91e9627d0fd619e2d27a3f325724e446a042156be298e432
size 47226
