version https://git-lfs.github.com/spec/v1
oid sha256:a789a3731770cb54561965c0fc9985507cc0fcdc0e66cdee046bd5fb915083b9
size 7223
