version https://git-lfs.github.com/spec/v1
oid sha256:14e147263a2c61233489435324c94dc717e13518d95fd15135caf303b8958764
size 24379
