version https://git-lfs.github.com/spec/v1
oid sha256:b365fa99e70ce3c236c82563cdc383f9a7c7e86d37de19005f311a9c643b268a
size 42562
