version https://git-lfs.github.com/spec/v1
oid sha256:74bff52a9cb20d981b9aba35b001affcb8c20517e7538f296732cb4cd29279ac
size 34219
